2026-04-01 07:22:26,284 - INFO - ================================================================================
2026-04-01 07:22:26,284 - INFO - VQC v7 PHASE 1: DATA SAMPLING & LOSS OPTIMIZATION
2026-04-01 07:22:26,285 - INFO - ================================================================================
2026-04-01 07:22:26,285 - INFO - Output directory: c:\Users\G.Monish Reddy\Desktop\MINOR PROJECT\VQC\vqc_v7_phase1_output
2026-04-01 07:22:26,285 - INFO - Log file: c:\Users\G.Monish Reddy\Desktop\MINOR PROJECT\VQC\vqc_v7_phase1_output\training_logs\phase1_training_20260401_072226.log
2026-04-01 07:22:26,286 - INFO - 
Configuration:
2026-04-01 07:22:26,286 - INFO -   MALWARE samples: 5K -> 8000
2026-04-01 07:22:26,286 - INFO -   EXPLOIT samples: 5K -> 7000
2026-04-01 07:22:26,286 - INFO -   MALWARE class weight: 15x -> 30.0x
2026-04-01 07:22:26,286 - INFO -   MALWARE focal gamma: 2.5 -> 4.0
2026-04-01 07:22:26,286 - INFO -   ADASYN enabled: True
2026-04-01 07:22:26,287 - INFO -   Device: cpu
2026-04-01 07:22:26,288 - INFO - 
Saved configuration to: c:\Users\G.Monish Reddy\Desktop\MINOR PROJECT\VQC\vqc_v7_phase1_output\phase1_config.json
2026-04-01 07:22:26,288 - INFO - 
================================================================================
2026-04-01 07:22:26,289 - INFO - STEP 1: LOADING DATA
2026-04-01 07:22:26,289 - INFO - ================================================================================
2026-04-01 07:22:26,289 - INFO - Loading data from: c:\Users\G.Monish Reddy\Desktop\MINOR PROJECT\PreProcessing\stage_2_with_zero_v2
2026-04-01 07:22:26,440 - INFO - Train labels: (2381042,), Test labels: (573807,)
2026-04-01 07:22:26,441 - INFO - Loading VAE features from: c:\Users\G.Monish Reddy\Desktop\MINOR PROJECT\VAE\vae_a_output_16
2026-04-01 07:22:26,718 - INFO - VAE Train: (2381042, 8), Test: (573807, 8)
2026-04-01 07:22:26,718 - INFO - Note: Validation split will be created from training data during model training
2026-04-01 07:22:26,769 - INFO - 
Original class distribution:
2026-04-01 07:22:26,769 - INFO -   NORMAL     (class 0): 1,813,161
2026-04-01 07:22:26,769 - INFO -   DoSD       (class 1): 312,881
2026-04-01 07:22:26,769 - INFO -   PROBE      (class 2): 150,000
2026-04-01 07:22:26,769 - INFO -   EXPLOIT    (class 3): 95,000
2026-04-01 07:22:26,769 - INFO -   MALWARE    (class 4): 10,000
2026-04-01 07:22:26,769 - INFO - 
================================================================================
2026-04-01 07:22:26,769 - INFO - STEP 2: ADVANCED SAMPLING WITH ADASYN
2026-04-01 07:22:26,769 - INFO - ================================================================================
2026-04-01 07:22:26,769 - INFO - Target counts per class:
2026-04-01 07:22:26,769 - INFO -   NORMAL    : 5,000
2026-04-01 07:22:26,769 - INFO -   DoSD      : 5,000
2026-04-01 07:22:26,770 - INFO -   PROBE     : 5,000
2026-04-01 07:22:26,770 - INFO -   EXPLOIT   : 7,000
2026-04-01 07:22:26,770 - INFO -   MALWARE   : 8,000
2026-04-01 07:22:26,908 - INFO - 
After initial sampling: 30,000 samples
2026-04-01 07:22:26,908 - INFO - 
Applying ADASYN for minority classes...
2026-04-01 07:22:26,917 - INFO - ADASYN successful! New shape: (30000, 8)
2026-04-01 07:22:26,918 - INFO - 
Final training class distribution:
2026-04-01 07:22:26,919 - INFO -   NORMAL    : 5,000
2026-04-01 07:22:26,919 - INFO -   DoSD      : 5,000
2026-04-01 07:22:26,919 - INFO -   PROBE     : 5,000
2026-04-01 07:22:26,919 - INFO -   EXPLOIT   : 7,000
2026-04-01 07:22:26,919 - INFO -   MALWARE   : 8,000
2026-04-01 07:22:26,921 - INFO - 
Saved sampling report to: c:\Users\G.Monish Reddy\Desktop\MINOR PROJECT\VQC\vqc_v7_phase1_output\sampling_report.json
2026-04-01 07:22:26,921 - INFO - 
================================================================================
2026-04-01 07:22:26,921 - INFO - STEP 3: SAVING PROCESSED DATA
2026-04-01 07:22:26,921 - INFO - ================================================================================
2026-04-01 07:22:26,925 - INFO - Saved: vae_z_train_sampled.npy ((30000, 8))
2026-04-01 07:22:26,925 - INFO - Saved: y_train_sampled.npy ((30000,))
2026-04-01 07:22:26,948 - INFO - Saved: test data
2026-04-01 07:22:26,949 - INFO - Note: Validation split (10%) will be created from training data during training
2026-04-01 07:22:26,949 - INFO - 
================================================================================
2026-04-01 07:22:26,949 - INFO - STEP 4: EXPECTED IMPROVEMENT ANALYSIS
2026-04-01 07:22:26,949 - INFO - ================================================================================
2026-04-01 07:22:26,949 - INFO - 
Expected Performance (Conservative Estimates):
2026-04-01 07:22:26,949 - INFO -   MALWARE F1: 0.2012 -> 0.3662 (+0.1650)
2026-04-01 07:22:26,949 - INFO -   EXPLOIT F1: 0.7167 -> 0.7603 (+0.0436)
2026-04-01 07:22:26,949 - INFO -   MACRO F1:   0.7329 -> 0.7747 (+0.0418)
2026-04-01 07:22:26,952 - INFO - 
Saved analysis to: c:\Users\G.Monish Reddy\Desktop\MINOR PROJECT\VQC\vqc_v7_phase1_output\expected_improvements.json
2026-04-01 07:22:26,952 - INFO - 
================================================================================
2026-04-01 07:22:26,952 - INFO - PHASE 1 DATA PREPARATION COMPLETE!
2026-04-01 07:22:26,952 - INFO - ================================================================================
2026-04-01 07:22:26,952 - INFO - 
Files saved to: c:\Users\G.Monish Reddy\Desktop\MINOR PROJECT\VQC\vqc_v7_phase1_output
2026-04-01 07:22:26,953 - INFO -   - phase1_config.json (configuration)
2026-04-01 07:22:26,953 - INFO -   - sampling_report.json (sampling details)
2026-04-01 07:22:26,953 - INFO -   - expected_improvements.json (performance estimates)
2026-04-01 07:22:26,953 - INFO -   - vae_z_train_sampled.npy (training features)
2026-04-01 07:22:26,953 - INFO -   - y_train_sampled.npy (training labels)
2026-04-01 07:22:26,953 - INFO -   - vae_z_val.npy, y_val.npy (validation data)
2026-04-01 07:22:26,953 - INFO -   - vae_z_test.npy, y_test.npy (test data)
2026-04-01 07:22:26,954 - INFO - 
Training logs saved to: c:\Users\G.Monish Reddy\Desktop\MINOR PROJECT\VQC\vqc_v7_phase1_output\training_logs\phase1_training_20260401_072226.log
2026-04-01 07:22:26,954 - INFO - 
================================================================================
2026-04-01 07:22:26,954 - INFO - NEXT STEPS:
2026-04-01 07:22:26,954 - INFO - ================================================================================
2026-04-01 07:22:26,954 - INFO - 1. Review the sampling_report.json to verify class distributions
2026-04-01 07:22:26,954 - INFO - 2. Check expected_improvements.json for performance targets
2026-04-01 07:22:26,954 - INFO - 3. Run the VQC training notebook with these new samples
2026-04-01 07:22:26,954 - INFO - 4. Training script will use: VQC/vqc_v7_phase1_output/vae_z_train_sampled.npy
2026-04-01 07:22:26,954 - INFO - 5. Expected Phase 1 F1 macro: 0.76-0.77 (current: 0.73)
2026-04-01 07:22:26,954 - INFO - ================================================================================
