2026-04-01 12:36:47,043 - INFO - ======================================================================
2026-04-01 12:36:47,044 - INFO - VQC v7 PHASE 1 TRAINING
2026-04-01 12:36:47,045 - INFO - ======================================================================
2026-04-01 12:36:47,047 - INFO - Output: c:\Users\[USERNAME]\Desktop\MINOR PROJECT\VQC\vqc_v7_phase1_trained
2026-04-01 12:36:47,164 - INFO - Unable to initialize backend 'cuda': 
2026-04-01 12:36:47,166 - INFO - Unable to initialize backend 'rocm': module 'jaxlib.xla_extension' has no attribute 'GpuAllocatorConfig'
2026-04-01 12:36:47,186 - INFO - Unable to initialize backend 'tpu': UNIMPLEMENTED: LoadPjrtPlugin is not implemented on windows yet.
2026-04-01 12:36:47,188 - INFO - Device: CPU
2026-04-01 12:36:47,189 - INFO - PennyLane: 0.44.1
2026-04-01 12:36:47,191 - INFO - JAX: 0.4.28
2026-04-01 12:36:47,191 - INFO - 
Building quantum circuit...
2026-04-01 12:36:47,203 - INFO -   Device: default.qubit
2026-04-01 12:36:47,204 - INFO -   Qubits: 8
2026-04-01 12:36:47,205 - INFO -   Observables: 16 (PauliZ + PauliX)
2026-04-01 12:36:47,206 - INFO - ======================================================================
2026-04-01 12:36:47,207 - INFO - LOADING PHASE 1 DATA
2026-04-01 12:36:47,208 - INFO - ======================================================================
2026-04-01 12:36:47,331 - INFO - Train: (30000, 8), Test: (573807, 8)
2026-04-01 12:36:47,332 - INFO - 
Training class distribution:
2026-04-01 12:36:47,333 - INFO -   NORMAL    :  5000 (16.7%)
2026-04-01 12:36:47,334 - INFO -   DoSD      :  5000 (16.7%)
2026-04-01 12:36:47,335 - INFO -   PROBE     :  5000 (16.7%)
2026-04-01 12:36:47,336 - INFO -   EXPLOIT   :  7000 (23.3%)
2026-04-01 12:36:47,337 - INFO -   MALWARE   :  8000 (26.7%)
2026-04-01 12:36:47,357 - INFO - Train/Val split: 27000 / 3000
2026-04-01 12:36:47,358 - INFO -   NORMAL    : train= 4500, val= 500
2026-04-01 12:36:47,360 - INFO -   DoSD      : train= 4500, val= 500
2026-04-01 12:36:47,361 - INFO -   PROBE     : train= 4500, val= 500
2026-04-01 12:36:47,362 - INFO -   EXPLOIT   : train= 6300, val= 700
2026-04-01 12:36:47,362 - INFO -   MALWARE   : train= 7200, val= 800
2026-04-01 12:36:47,363 - INFO - 
======================================================================
2026-04-01 12:36:47,364 - INFO - TRAINING VQC-A
2026-04-01 12:36:47,364 - INFO - ======================================================================
2026-04-01 12:36:47,662 - INFO - 
======================================================================
2026-04-01 12:36:47,663 - INFO -   VQC-A | seed=42
2026-04-01 12:36:47,665 - INFO -   Per-class focal gamma: {0: 2.0, 1: 2.0, 2: 2.5, 3: 3.0, 4: 4.0}
2026-04-01 12:36:47,666 - INFO -   Class weights: [1.0, 2.0, 2.0, 5.0, 30.0]
2026-04-01 12:36:47,667 - INFO -   PHASE 1: head only (150 epochs, lr=0.008)
2026-04-01 12:36:47,668 - INFO - ======================================================================
2026-04-01 12:38:26,828 - INFO -   EP    5/150  loss=0.6040  val_F1=0.8041  lr=8.00e-03  99s
2026-04-01 12:39:06,535 - INFO -   EP   10/150  loss=0.4979  val_F1=0.8300  lr=7.99e-03  138s
2026-04-01 12:39:27,793 - INFO -   EP   15/150  loss=0.4610  val_F1=0.8451  lr=7.92e-03  160s
2026-04-01 12:39:49,372 - INFO -   EP   20/150  loss=0.4435  val_F1=0.8474  lr=7.82e-03  181s
2026-04-01 12:40:10,867 - INFO -   EP   25/150  loss=0.4308  val_F1=0.8471  lr=7.67e-03  203s
2026-04-01 12:40:33,628 - INFO -   EP   30/150  loss=0.4239  val_F1=0.8512  lr=7.47e-03  226s
2026-04-01 12:40:56,557 - INFO -   EP   35/150  loss=0.4213  val_F1=0.8525  lr=7.24e-03  249s
2026-04-01 12:41:19,588 - INFO -   EP   40/150  loss=0.4134  val_F1=0.8494  lr=6.96e-03  272s
2026-04-01 12:41:42,919 - INFO -   EP   45/150  loss=0.4077  val_F1=0.8521  lr=6.66e-03  295s
2026-04-01 12:42:05,578 - INFO -   EP   50/150  loss=0.4054  val_F1=0.8529  lr=6.32e-03  318s
2026-04-01 12:42:28,025 - INFO -   EP   55/150  loss=0.4005  val_F1=0.8584  lr=5.95e-03  340s
2026-04-01 12:42:50,045 - INFO -   EP   60/150  loss=0.4005  val_F1=0.8531  lr=5.56e-03  362s
2026-04-01 12:43:11,445 - INFO -   EP   65/150  loss=0.3938  val_F1=0.8532  lr=5.16e-03  383s
2026-04-01 12:43:33,121 - INFO -   EP   70/150  loss=0.3944  val_F1=0.8559  lr=4.74e-03  405s
2026-04-01 12:43:54,323 - INFO -   EP   75/150  loss=0.3897  val_F1=0.8560  lr=4.31e-03  426s
2026-04-01 12:44:16,308 - INFO -   EP   80/150  loss=0.3925  val_F1=0.8575  lr=3.88e-03  448s
2026-04-01 12:44:39,228 - INFO -   EP   85/150  loss=0.3933  val_F1=0.8565  lr=3.44e-03  471s
2026-04-01 12:44:39,229 - INFO -   Early stop (P1) at epoch 85
2026-04-01 12:44:39,229 - INFO -   Phase 1 best val F1: 0.8584
2026-04-01 12:44:39,229 - INFO - 
  PHASE 2: all params (100 epochs, lr=0.0008)
2026-04-01 12:45:20,609 - INFO -   EP    5/100  loss=0.3807  val_F1=0.8574  lr=8.00e-04  513s
2026-04-01 12:45:54,545 - INFO -   EP   10/100  loss=0.3762  val_F1=0.8568  lr=7.97e-04  546s
2026-04-01 12:46:27,687 - INFO -   EP   15/100  loss=0.3715  val_F1=0.8590  lr=7.83e-04  580s
2026-04-01 12:47:00,652 - INFO -   EP   20/100  loss=0.3688  val_F1=0.8613  lr=7.58e-04  613s
2026-04-01 12:47:33,873 - INFO -   EP   25/100  loss=0.3668  val_F1=0.8603  lr=7.25e-04  646s
2026-04-01 12:48:07,340 - INFO -   EP   30/100  loss=0.3630  val_F1=0.8591  lr=6.82e-04  679s
2026-04-01 12:48:43,519 - INFO -   EP   35/100  loss=0.3633  val_F1=0.8593  lr=6.32e-04  715s
2026-04-01 12:49:20,940 - INFO -   EP   40/100  loss=0.3613  val_F1=0.8598  lr=5.76e-04  753s
2026-04-01 12:49:20,941 - INFO -   Early stop (P2) at epoch 40
2026-04-01 12:49:20,941 - INFO -   Phase 2 best val F1: 0.8613
2026-04-01 12:49:20,942 - INFO -   Total training time: 12.5 minutes
2026-04-01 12:49:21,015 - INFO - 
======================================================================
2026-04-01 12:49:21,015 - INFO - EVALUATING VQC-A
2026-04-01 12:49:21,016 - INFO - ======================================================================
2026-04-01 12:49:23,593 - INFO - 
Best temperature: 0.100
2026-04-01 12:49:23,594 - INFO - 
Per-class threshold optimization:
2026-04-01 12:49:23,597 - INFO -     NORMAL    : threshold=0.07  F1=0.9612  P=0.9812  R=0.9420
2026-04-01 12:49:23,600 - INFO -     DoSD      : threshold=0.75  F1=0.9496  P=0.9767  R=0.9240
2026-04-01 12:49:23,602 - INFO -     PROBE     : threshold=0.80  F1=0.8381  P=0.9661  R=0.7400
2026-04-01 12:49:23,604 - INFO -     EXPLOIT   : threshold=0.07  F1=0.7770  P=0.8987  R=0.6843
2026-04-01 12:49:23,606 - WARNING -     MALWARE   : no threshold met precision floor 0.70; using best unconstrained threshold=0.75
2026-04-01 12:49:23,607 - INFO -     MALWARE   : threshold=0.75  F1=0.7992  P=0.6712  R=0.9875
2026-04-01 13:00:35,226 - INFO - 
Test F1 (threshold): 0.6897
2026-04-01 13:00:35,227 - INFO - 
Classification Report:
2026-04-01 13:00:35,404 - INFO - 
              precision    recall  f1-score   support

      NORMAL       1.00      0.94      0.97    453290
        DoSD       0.95      0.95      0.95     78221
       PROBE       0.69      0.90      0.78     29137
     EXPLOIT       0.55      0.73      0.63     11966
     MALWARE       0.06      0.89      0.12      1193

    accuracy                           0.93    573807
   macro avg       0.65      0.88      0.69    573807
weighted avg       0.97      0.93      0.95    573807

2026-04-01 13:00:35,623 - INFO - 
======================================================================
2026-04-01 13:00:35,623 - INFO - TRAINING VQC-B
2026-04-01 13:00:35,623 - INFO - ======================================================================
2026-04-01 13:00:35,628 - INFO - 
======================================================================
2026-04-01 13:00:35,629 - INFO -   VQC-B | seed=43
2026-04-01 13:00:35,629 - INFO -   Per-class focal gamma: {0: 2.0, 1: 2.0, 2: 2.5, 3: 3.0, 4: 4.0}
2026-04-01 13:00:35,630 - INFO -   Class weights: [1.0, 2.0, 2.0, 5.0, 30.0]
2026-04-01 13:00:35,630 - INFO -   PHASE 1: head only (150 epochs, lr=0.008)
2026-04-01 13:00:35,630 - INFO - ======================================================================
2026-04-01 13:01:03,297 - INFO -   EP    5/150  loss=0.6125  val_F1=0.8097  lr=8.00e-03  28s
2026-04-01 13:01:27,324 - INFO -   EP   10/150  loss=0.5063  val_F1=0.8348  lr=7.99e-03  52s
2026-04-01 13:01:51,517 - INFO -   EP   15/150  loss=0.4721  val_F1=0.8426  lr=7.92e-03  76s
2026-04-01 13:02:15,024 - INFO -   EP   20/150  loss=0.4523  val_F1=0.8446  lr=7.82e-03  99s
2026-04-01 13:02:37,755 - INFO -   EP   25/150  loss=0.4430  val_F1=0.8452  lr=7.67e-03  122s
2026-04-01 13:03:00,161 - INFO -   EP   30/150  loss=0.4315  val_F1=0.8466  lr=7.47e-03  145s
2026-04-01 13:03:22,111 - INFO -   EP   35/150  loss=0.4260  val_F1=0.8493  lr=7.24e-03  166s
2026-04-01 13:03:43,236 - INFO -   EP   40/150  loss=0.4210  val_F1=0.8509  lr=6.96e-03  188s
2026-04-01 13:04:04,705 - INFO -   EP   45/150  loss=0.4193  val_F1=0.8517  lr=6.66e-03  209s
2026-04-01 13:04:27,048 - INFO -   EP   50/150  loss=0.4121  val_F1=0.8551  lr=6.32e-03  231s
2026-04-01 13:04:50,352 - INFO -   EP   55/150  loss=0.4115  val_F1=0.8546  lr=5.95e-03  255s
2026-04-01 13:05:20,960 - INFO -   EP   60/150  loss=0.4093  val_F1=0.8541  lr=5.56e-03  285s
2026-04-01 13:06:19,123 - INFO -   EP   65/150  loss=0.4079  val_F1=0.8563  lr=5.16e-03  343s
2026-04-01 13:07:16,294 - INFO -   EP   70/150  loss=0.4064  val_F1=0.8561  lr=4.74e-03  401s
2026-04-01 13:08:14,411 - INFO -   EP   75/150  loss=0.4018  val_F1=0.8552  lr=4.31e-03  459s
2026-04-01 13:09:12,490 - INFO -   EP   80/150  loss=0.4011  val_F1=0.8582  lr=3.88e-03  517s
2026-04-01 13:10:10,750 - INFO -   EP   85/150  loss=0.4023  val_F1=0.8567  lr=3.44e-03  575s
2026-04-01 13:11:24,926 - INFO -   EP   90/150  loss=0.3959  val_F1=0.8560  lr=3.02e-03  649s
2026-04-01 13:11:51,010 - INFO -   EP   95/150  loss=0.3968  val_F1=0.8563  lr=2.61e-03  675s
2026-04-01 13:12:38,317 - INFO -   EP  100/150  loss=0.3953  val_F1=0.8566  lr=2.21e-03  723s
2026-04-01 13:13:03,171 - INFO -   EP  105/150  loss=0.3959  val_F1=0.8552  lr=1.84e-03  748s
2026-04-01 13:13:28,540 - INFO -   EP  110/150  loss=0.3938  val_F1=0.8564  lr=1.49e-03  773s
2026-04-01 13:13:28,541 - INFO -   Early stop (P1) at epoch 110
2026-04-01 13:13:28,541 - INFO -   Phase 1 best val F1: 0.8582
2026-04-01 13:13:28,541 - INFO - 
  PHASE 2: all params (100 epochs, lr=0.0008)
2026-04-01 13:14:18,465 - INFO -   EP    5/100  loss=0.3811  val_F1=0.8576  lr=8.00e-04  823s
2026-04-01 13:14:52,318 - INFO -   EP   10/100  loss=0.3817  val_F1=0.8581  lr=7.97e-04  857s
2026-04-01 13:15:25,245 - INFO -   EP   15/100  loss=0.3785  val_F1=0.8594  lr=7.83e-04  890s
2026-04-01 13:15:59,290 - INFO -   EP   20/100  loss=0.3732  val_F1=0.8605  lr=7.58e-04  924s
2026-04-01 13:16:32,412 - INFO -   EP   25/100  loss=0.3693  val_F1=0.8592  lr=7.25e-04  957s
2026-04-01 13:17:06,688 - INFO -   EP   30/100  loss=0.3697  val_F1=0.8608  lr=6.82e-04  991s
2026-04-01 13:17:40,666 - INFO -   EP   35/100  loss=0.3678  val_F1=0.8604  lr=6.32e-04  1025s
2026-04-01 13:18:14,781 - INFO -   EP   40/100  loss=0.3646  val_F1=0.8606  lr=5.76e-04  1059s
2026-04-01 13:18:47,492 - INFO -   EP   45/100  loss=0.3612  val_F1=0.8627  lr=5.15e-04  1092s
2026-04-01 13:19:30,134 - INFO -   EP   50/100  loss=0.3598  val_F1=0.8623  lr=4.51e-04  1135s
2026-04-01 13:20:07,528 - INFO -   EP   55/100  loss=0.3575  val_F1=0.8614  lr=3.85e-04  1172s
2026-04-01 13:20:43,675 - INFO -   EP   60/100  loss=0.3570  val_F1=0.8622  lr=3.21e-04  1208s
2026-04-01 13:21:19,217 - INFO -   EP   65/100  loss=0.3562  val_F1=0.8616  lr=2.58e-04  1244s
2026-04-01 13:21:19,217 - INFO -   Early stop (P2) at epoch 65
2026-04-01 13:21:19,218 - INFO -   Phase 2 best val F1: 0.8627
2026-04-01 13:21:19,218 - INFO -   Total training time: 20.7 minutes
2026-04-01 13:21:19,270 - INFO - 
======================================================================
2026-04-01 13:21:19,271 - INFO - EVALUATING VQC-B
2026-04-01 13:21:19,271 - INFO - ======================================================================
2026-04-01 13:21:21,709 - INFO - 
Best temperature: 0.100
2026-04-01 13:21:21,710 - INFO - 
Per-class threshold optimization:
2026-04-01 13:21:21,712 - INFO -     NORMAL    : threshold=0.05  F1=0.9662  P=0.9916  R=0.9420
2026-04-01 13:21:21,714 - INFO -     DoSD      : threshold=0.62  F1=0.9521  P=0.9709  R=0.9340
2026-04-01 13:21:21,716 - INFO -     PROBE     : threshold=0.05  F1=0.8356  P=0.9400  R=0.7520
2026-04-01 13:21:21,718 - INFO -     EXPLOIT   : threshold=0.05  F1=0.7919  P=0.8318  R=0.7557
2026-04-01 13:21:21,720 - WARNING -     MALWARE   : no threshold met precision floor 0.70; using best unconstrained threshold=0.78
2026-04-01 13:21:21,721 - INFO -     MALWARE   : threshold=0.78  F1=0.8045  P=0.6811  R=0.9825
2026-04-01 13:34:39,434 - INFO - 
Test F1 (threshold): 0.6936
2026-04-01 13:34:39,435 - INFO - 
Classification Report:
2026-04-01 13:34:39,613 - INFO - 
              precision    recall  f1-score   support

      NORMAL       1.00      0.94      0.97    453290
        DoSD       0.95      0.95      0.95     78221
       PROBE       0.68      0.91      0.78     29137
     EXPLOIT       0.55      0.76      0.64     11966
     MALWARE       0.07      0.85      0.14      1193

    accuracy                           0.94    573807
   macro avg       0.65      0.88      0.69    573807
weighted avg       0.96      0.94      0.95    573807

2026-04-01 13:34:39,845 - INFO - 
======================================================================
2026-04-01 13:34:39,846 - INFO - ENSEMBLE (VQC-A + VQC-B)
2026-04-01 13:34:39,847 - INFO - ======================================================================
2026-04-01 13:34:39,948 - INFO - Ensemble F1: 0.6919
2026-04-01 13:34:39,949 - INFO - VQC-A F1:    0.6897
2026-04-01 13:34:39,949 - INFO - VQC-B F1:    0.6936
2026-04-01 13:34:39,949 - INFO - 
======================================================================
2026-04-01 13:34:39,950 - INFO - PHASE 1 TRAINING COMPLETE!
2026-04-01 13:34:39,950 - INFO - ======================================================================
2026-04-01 13:34:39,950 - INFO - Target: 0.77-0.78 F1 macro
2026-04-01 13:34:39,951 - INFO - Gap: 0.0781
2026-04-01 13:34:39,951 - INFO - 
Results saved to: c:\Users\[USERNAME]\Desktop\MINOR PROJECT\VQC\vqc_v7_phase1_trained
