2026-04-01 12:12:03,354 - INFO - ======================================================================
2026-04-01 12:12:03,354 - INFO - VQC v7 PHASE 1 TRAINING
2026-04-01 12:12:03,355 - INFO - ======================================================================
2026-04-01 12:12:03,355 - INFO - Output: c:\Users\[USERNAME]\Desktop\MINOR PROJECT\VQC\vqc_v7_phase1_trained
2026-04-01 12:12:03,377 - INFO - Unable to initialize backend 'cuda': 
2026-04-01 12:12:03,377 - INFO - Unable to initialize backend 'rocm': module 'jaxlib.xla_extension' has no attribute 'GpuAllocatorConfig'
2026-04-01 12:12:03,384 - INFO - Unable to initialize backend 'tpu': UNIMPLEMENTED: LoadPjrtPlugin is not implemented on windows yet.
2026-04-01 12:12:03,385 - INFO - Device: CPU
2026-04-01 12:12:03,385 - INFO - PennyLane: 0.44.1
2026-04-01 12:12:03,385 - INFO - JAX: 0.4.28
2026-04-01 12:12:03,386 - INFO - 
Building quantum circuit...
2026-04-01 12:12:03,389 - INFO -   Device: default.qubit
2026-04-01 12:12:03,389 - INFO -   Qubits: 8
2026-04-01 12:12:03,389 - INFO -   Observables: 16 (PauliZ + PauliX)
2026-04-01 12:12:03,390 - INFO - ======================================================================
2026-04-01 12:12:03,390 - INFO - LOADING PHASE 1 DATA
2026-04-01 12:12:03,390 - INFO - ======================================================================
2026-04-01 12:12:03,405 - INFO - Train: (30000, 8), Test: (573807, 8)
2026-04-01 12:12:03,405 - INFO - 
Training class distribution:
2026-04-01 12:12:03,406 - INFO -   NORMAL    :  5000 (16.7%)
2026-04-01 12:12:03,406 - INFO -   DoSD      :  5000 (16.7%)
2026-04-01 12:12:03,407 - INFO -   PROBE     :  5000 (16.7%)
2026-04-01 12:12:03,407 - INFO -   EXPLOIT   :  7000 (23.3%)
2026-04-01 12:12:03,407 - INFO -   MALWARE   :  8000 (26.7%)
2026-04-01 12:12:03,414 - INFO - Train/Val split: 27000 / 3000
2026-04-01 12:12:03,415 - INFO -   NORMAL    : train= 4500, val= 500
2026-04-01 12:12:03,415 - INFO -   DoSD      : train= 4500, val= 500
2026-04-01 12:12:03,416 - INFO -   PROBE     : train= 4500, val= 500
2026-04-01 12:12:03,416 - INFO -   EXPLOIT   : train= 6300, val= 700
2026-04-01 12:12:03,416 - INFO -   MALWARE   : train= 7200, val= 800
2026-04-01 12:12:03,417 - INFO - 
======================================================================
2026-04-01 12:12:03,417 - INFO - TRAINING VQC-A
2026-04-01 12:12:03,417 - INFO - ======================================================================
2026-04-01 12:12:03,540 - INFO - 
======================================================================
2026-04-01 12:12:03,541 - INFO -   VQC-A | seed=42
2026-04-01 12:12:03,541 - INFO -   Per-class focal gamma: {0: 2.0, 1: 2.0, 2: 2.5, 3: 3.0, 4: 4.0}
2026-04-01 12:12:03,542 - INFO -   Class weights: [1.0, 2.0, 2.0, 5.0, 30.0]
2026-04-01 12:12:03,542 - INFO -   PHASE 1: head only (150 epochs, lr=0.008)
2026-04-01 12:12:03,542 - INFO - ======================================================================
2026-04-01 12:13:32,961 - INFO -   EP    5/150  loss=0.6040  val_F1=0.8041  lr=8.00e-03  89s
2026-04-01 12:13:56,786 - INFO -   EP   10/150  loss=0.4979  val_F1=0.8300  lr=7.99e-03  113s
