2026-04-01 12:19:55,408 - INFO - ======================================================================
2026-04-01 12:19:55,408 - INFO - VQC v7 PHASE 1 TRAINING
2026-04-01 12:19:55,408 - INFO - ======================================================================
2026-04-01 12:19:55,409 - INFO - Output: c:\Users\[USERNAME]\Desktop\MINOR PROJECT\VQC\vqc_v7_phase1_trained
2026-04-01 12:19:55,434 - INFO - Unable to initialize backend 'cuda': 
2026-04-01 12:19:55,435 - INFO - Unable to initialize backend 'rocm': module 'jaxlib.xla_extension' has no attribute 'GpuAllocatorConfig'
2026-04-01 12:19:55,446 - INFO - Unable to initialize backend 'tpu': UNIMPLEMENTED: LoadPjrtPlugin is not implemented on windows yet.
2026-04-01 12:19:55,446 - INFO - Device: CPU
2026-04-01 12:19:55,446 - INFO - PennyLane: 0.44.1
2026-04-01 12:19:55,446 - INFO - JAX: 0.4.28
2026-04-01 12:19:55,447 - INFO - 
Building quantum circuit...
2026-04-01 12:19:55,450 - INFO -   Device: default.qubit
2026-04-01 12:19:55,450 - INFO -   Qubits: 8
2026-04-01 12:19:55,450 - INFO -   Observables: 16 (PauliZ + PauliX)
2026-04-01 12:19:55,450 - INFO - ======================================================================
2026-04-01 12:19:55,450 - INFO - LOADING PHASE 1 DATA
2026-04-01 12:19:55,450 - INFO - ======================================================================
2026-04-01 12:19:55,467 - INFO - Train: (30000, 8), Test: (573807, 8)
2026-04-01 12:19:55,468 - INFO - 
Training class distribution:
2026-04-01 12:19:55,468 - INFO -   NORMAL    :  5000 (16.7%)
2026-04-01 12:19:55,468 - INFO -   DoSD      :  5000 (16.7%)
2026-04-01 12:19:55,468 - INFO -   PROBE     :  5000 (16.7%)
2026-04-01 12:19:55,468 - INFO -   EXPLOIT   :  7000 (23.3%)
2026-04-01 12:19:55,468 - INFO -   MALWARE   :  8000 (26.7%)
2026-04-01 12:19:55,476 - INFO - Train/Val split: 27000 / 3000
2026-04-01 12:19:55,476 - INFO -   NORMAL    : train= 4500, val= 500
2026-04-01 12:19:55,476 - INFO -   DoSD      : train= 4500, val= 500
2026-04-01 12:19:55,476 - INFO -   PROBE     : train= 4500, val= 500
2026-04-01 12:19:55,477 - INFO -   EXPLOIT   : train= 6300, val= 700
2026-04-01 12:19:55,477 - INFO -   MALWARE   : train= 7200, val= 800
2026-04-01 12:19:55,477 - INFO - 
======================================================================
2026-04-01 12:19:55,477 - INFO - TRAINING VQC-A
2026-04-01 12:19:55,477 - INFO - ======================================================================
2026-04-01 12:19:55,596 - INFO - 
======================================================================
2026-04-01 12:19:55,597 - INFO -   VQC-A | seed=42
2026-04-01 12:19:55,597 - INFO -   Per-class focal gamma: {0: 2.0, 1: 2.0, 2: 2.5, 3: 3.0, 4: 4.0}
2026-04-01 12:19:55,597 - INFO -   Class weights: [1.0, 2.0, 2.0, 5.0, 30.0]
2026-04-01 12:19:55,597 - INFO -   PHASE 1: head only (150 epochs, lr=0.008)
2026-04-01 12:19:55,597 - INFO - ======================================================================
2026-04-01 12:20:36,730 - INFO -   EP    5/150  loss=0.6040  val_F1=0.8041  lr=8.00e-03  41s
2026-04-01 12:21:03,560 - INFO -   EP   10/150  loss=0.4979  val_F1=0.8300  lr=7.99e-03  68s
2026-04-01 12:21:28,425 - INFO -   EP   15/150  loss=0.4610  val_F1=0.8451  lr=7.92e-03  93s
2026-04-01 12:21:52,146 - INFO -   EP   20/150  loss=0.4435  val_F1=0.8474  lr=7.82e-03  116s
2026-04-01 12:22:16,089 - INFO -   EP   25/150  loss=0.4308  val_F1=0.8471  lr=7.67e-03  140s
2026-04-01 12:22:37,251 - INFO -   EP   30/150  loss=0.4239  val_F1=0.8512  lr=7.47e-03  161s
2026-04-01 12:23:11,953 - INFO -   EP   35/150  loss=0.4208  val_F1=0.8522  lr=7.24e-03  196s
2026-04-01 12:23:34,622 - INFO -   EP   40/150  loss=0.4134  val_F1=0.8493  lr=6.96e-03  219s
2026-04-01 12:23:56,599 - INFO -   EP   45/150  loss=0.4078  val_F1=0.8522  lr=6.66e-03  241s
