2026-04-01 12:29:42,074 - INFO - ======================================================================
2026-04-01 12:29:42,075 - INFO - VQC v7 PHASE 1 TRAINING
2026-04-01 12:29:42,075 - INFO - ======================================================================
2026-04-01 12:29:42,075 - INFO - Output: c:\Users\[USERNAME]\Desktop\MINOR PROJECT\VQC\vqc_v7_phase1_trained
2026-04-01 12:29:42,109 - INFO - Unable to initialize backend 'cuda': 
2026-04-01 12:29:42,110 - INFO - Unable to initialize backend 'rocm': module 'jaxlib.xla_extension' has no attribute 'GpuAllocatorConfig'
2026-04-01 12:29:42,115 - INFO - Unable to initialize backend 'tpu': UNIMPLEMENTED: LoadPjrtPlugin is not implemented on windows yet.
2026-04-01 12:29:42,116 - INFO - Device: CPU
2026-04-01 12:29:42,117 - INFO - PennyLane: 0.44.1
2026-04-01 12:29:42,117 - INFO - JAX: 0.4.28
2026-04-01 12:29:42,117 - INFO - 
Building quantum circuit...
2026-04-01 12:29:42,121 - INFO -   Device: default.qubit
2026-04-01 12:29:42,121 - INFO -   Qubits: 8
2026-04-01 12:29:42,121 - INFO -   Observables: 16 (PauliZ + PauliX)
2026-04-01 12:29:42,122 - INFO - ======================================================================
2026-04-01 12:29:42,122 - INFO - LOADING PHASE 1 DATA
2026-04-01 12:29:42,123 - INFO - ======================================================================
2026-04-01 12:29:42,141 - INFO - Train: (30000, 8), Test: (573807, 8)
2026-04-01 12:29:42,141 - INFO - 
Training class distribution:
2026-04-01 12:29:42,142 - INFO -   NORMAL    :  5000 (16.7%)
2026-04-01 12:29:42,143 - INFO -   DoSD      :  5000 (16.7%)
2026-04-01 12:29:42,143 - INFO -   PROBE     :  5000 (16.7%)
2026-04-01 12:29:42,144 - INFO -   EXPLOIT   :  7000 (23.3%)
2026-04-01 12:29:42,144 - INFO -   MALWARE   :  8000 (26.7%)
2026-04-01 12:29:42,152 - INFO - Train/Val split: 27000 / 3000
2026-04-01 12:29:42,153 - INFO -   NORMAL    : train= 4500, val= 500
2026-04-01 12:29:42,153 - INFO -   DoSD      : train= 4500, val= 500
2026-04-01 12:29:42,154 - INFO -   PROBE     : train= 4500, val= 500
2026-04-01 12:29:42,154 - INFO -   EXPLOIT   : train= 6300, val= 700
2026-04-01 12:29:42,155 - INFO -   MALWARE   : train= 7200, val= 800
2026-04-01 12:29:42,155 - INFO - 
======================================================================
2026-04-01 12:29:42,155 - INFO - TRAINING VQC-A
2026-04-01 12:29:42,156 - INFO - ======================================================================
2026-04-01 12:29:42,257 - INFO - 
======================================================================
2026-04-01 12:29:42,258 - INFO -   VQC-A | seed=42
2026-04-01 12:29:42,258 - INFO -   Per-class focal gamma: {0: 2.0, 1: 2.0, 2: 2.5, 3: 3.0, 4: 4.0}
2026-04-01 12:29:42,259 - INFO -   Class weights: [1.0, 2.0, 2.0, 5.0, 30.0]
2026-04-01 12:29:42,260 - INFO -   PHASE 1: head only (150 epochs, lr=0.008)
2026-04-01 12:29:42,260 - INFO - ======================================================================
2026-04-01 12:30:26,953 - INFO -   EP    5/150  loss=0.6040  val_F1=0.8041  lr=8.00e-03  44s
