2026-04-01 12:08:42,419 - INFO - ======================================================================
2026-04-01 12:08:42,420 - INFO - VQC v7 PHASE 1 TRAINING
2026-04-01 12:08:42,420 - INFO - ======================================================================
2026-04-01 12:08:42,420 - INFO - Output: c:\Users\G.Monish Reddy\Desktop\MINOR PROJECT\VQC\vqc_v7_phase1_trained
2026-04-01 12:08:42,499 - INFO - Unable to initialize backend 'cuda': 
2026-04-01 12:08:42,500 - INFO - Unable to initialize backend 'rocm': module 'jaxlib.xla_extension' has no attribute 'GpuAllocatorConfig'
2026-04-01 12:08:42,513 - INFO - Unable to initialize backend 'tpu': UNIMPLEMENTED: LoadPjrtPlugin is not implemented on windows yet.
2026-04-01 12:08:42,514 - INFO - Device: CPU
2026-04-01 12:08:42,514 - INFO - PennyLane: 0.44.1
2026-04-01 12:08:42,515 - INFO - JAX: 0.4.28
2026-04-01 12:08:42,515 - INFO - 
Building quantum circuit...
2026-04-01 12:08:42,521 - INFO -   Device: default.qubit
2026-04-01 12:08:42,521 - INFO -   Qubits: 8
2026-04-01 12:08:42,522 - INFO -   Observables: 16 (PauliZ + PauliX)
2026-04-01 12:08:42,522 - INFO - ======================================================================
2026-04-01 12:08:42,522 - INFO - LOADING PHASE 1 DATA
2026-04-01 12:08:42,522 - INFO - ======================================================================
2026-04-01 12:08:42,551 - INFO - Train: (30000, 8), Test: (573807, 8)
2026-04-01 12:08:42,551 - INFO - 
Training class distribution:
2026-04-01 12:08:42,552 - INFO -   NORMAL    :  5000 (16.7%)
2026-04-01 12:08:42,552 - INFO -   DoSD      :  5000 (16.7%)
2026-04-01 12:08:42,553 - INFO -   PROBE     :  5000 (16.7%)
2026-04-01 12:08:42,553 - INFO -   EXPLOIT   :  7000 (23.3%)
2026-04-01 12:08:42,553 - INFO -   MALWARE   :  8000 (26.7%)
2026-04-01 12:08:42,571 - INFO - Train/Val split: 27000 / 3000
2026-04-01 12:08:42,571 - INFO -   NORMAL    : train= 4500, val= 500
2026-04-01 12:08:42,572 - INFO -   DoSD      : train= 4500, val= 500
2026-04-01 12:08:42,572 - INFO -   PROBE     : train= 4500, val= 500
2026-04-01 12:08:42,573 - INFO -   EXPLOIT   : train= 6300, val= 700
2026-04-01 12:08:42,573 - INFO -   MALWARE   : train= 7200, val= 800
2026-04-01 12:08:42,573 - INFO - 
======================================================================
2026-04-01 12:08:42,574 - INFO - TRAINING VQC-A
2026-04-01 12:08:42,574 - INFO - ======================================================================
2026-04-01 12:08:42,893 - INFO - 
======================================================================
2026-04-01 12:08:42,895 - INFO -   VQC-A | seed=42
2026-04-01 12:08:42,896 - INFO -   Per-class focal gamma: {0: 2.0, 1: 2.0, 2: 2.5, 3: 3.0, 4: 4.0}
2026-04-01 12:08:42,896 - INFO -   Class weights: [1.0, 2.0, 2.0, 5.0, 30.0]
2026-04-01 12:08:42,897 - INFO -   PHASE 1: head only (150 epochs, lr=0.008)
2026-04-01 12:08:42,897 - INFO - ======================================================================
