2026-04-01 12:03:15,405 - INFO - ======================================================================
2026-04-01 12:03:15,407 - INFO - VQC v7 PHASE 1 TRAINING
2026-04-01 12:03:15,408 - INFO - ======================================================================
2026-04-01 12:03:15,408 - INFO - Output: c:\Users\[USERNAME]\Desktop\MINOR PROJECT\VQC\vqc_v7_phase1_trained
2026-04-01 12:03:15,478 - INFO - Unable to initialize backend 'rocm': module 'jaxlib.xla_extension' has no attribute 'GpuAllocatorConfig'
2026-04-01 12:03:15,486 - INFO - Unable to initialize backend 'tpu': UNIMPLEMENTED: LoadPjrtPlugin is not implemented on windows yet.
2026-04-01 12:03:15,488 - INFO - Device: CPU
2026-04-01 12:03:15,488 - INFO - PennyLane: 0.44.1
2026-04-01 12:03:15,490 - INFO - JAX: 0.4.33
2026-04-01 12:03:15,490 - INFO - 
Building quantum circuit...
2026-04-01 12:03:15,497 - INFO -   Device: default.qubit
2026-04-01 12:03:15,497 - INFO -   Qubits: 8
2026-04-01 12:03:15,497 - INFO -   Observables: 16 (PauliZ + PauliX)
2026-04-01 12:03:15,497 - INFO - ======================================================================
2026-04-01 12:03:15,498 - INFO - LOADING PHASE 1 DATA
2026-04-01 12:03:15,498 - INFO - ======================================================================
2026-04-01 12:03:15,653 - INFO - Train: (30000, 8), Test: (573807, 8)
2026-04-01 12:03:15,654 - INFO - 
Training class distribution:
2026-04-01 12:03:15,657 - INFO -   NORMAL    :  5000 (16.7%)
2026-04-01 12:03:15,658 - INFO -   DoSD      :  5000 (16.7%)
2026-04-01 12:03:15,658 - INFO -   PROBE     :  5000 (16.7%)
2026-04-01 12:03:15,659 - INFO -   EXPLOIT   :  7000 (23.3%)
2026-04-01 12:03:15,659 - INFO -   MALWARE   :  8000 (26.7%)
2026-04-01 12:03:15,682 - INFO - Train/Val split: 27000 / 3000
2026-04-01 12:03:15,683 - INFO -   NORMAL    : train= 4500, val= 500
2026-04-01 12:03:15,684 - INFO -   DoSD      : train= 4500, val= 500
2026-04-01 12:03:15,684 - INFO -   PROBE     : train= 4500, val= 500
2026-04-01 12:03:15,685 - INFO -   EXPLOIT   : train= 6300, val= 700
2026-04-01 12:03:15,685 - INFO -   MALWARE   : train= 7200, val= 800
2026-04-01 12:03:15,685 - INFO - 
======================================================================
2026-04-01 12:03:15,685 - INFO - TRAINING VQC-A
2026-04-01 12:03:15,686 - INFO - ======================================================================
2026-04-01 12:03:16,092 - INFO - 
======================================================================
2026-04-01 12:03:16,092 - INFO -   VQC-A | seed=42
2026-04-01 12:03:16,092 - INFO -   Per-class focal gamma: {0: 2.0, 1: 2.0, 2: 2.5, 3: 3.0, 4: 4.0}
2026-04-01 12:03:16,093 - INFO -   Class weights: [1.0, 2.0, 2.0, 5.0, 30.0]
2026-04-01 12:03:16,093 - INFO -   PHASE 1: head only (150 epochs, lr=0.008)
2026-04-01 12:03:16,093 - INFO - ======================================================================
