2026-04-01 07:34:22,590 - INFO - ======================================================================
2026-04-01 07:34:22,590 - INFO - VQC v7 QUANTUM FEATURE PRECOMPUTATION
2026-04-01 07:34:22,590 - INFO - ======================================================================
2026-04-01 07:34:22,590 - INFO - Output directory: c:\Users\G.Monish Reddy\Desktop\MINOR PROJECT\VQC\vqc_v7_quantum_features
2026-04-01 07:34:22,590 - INFO - Log file: c:\Users\G.Monish Reddy\Desktop\MINOR PROJECT\VQC\vqc_v7_quantum_features\logs\precompute_20260401_073422.log
2026-04-01 07:34:22,590 - INFO - 
Configuration:
2026-04-01 07:34:22,593 - INFO -   Qubits: 8
2026-04-01 07:34:22,594 - INFO -   RealAmplitudes reps: 2
2026-04-01 07:34:22,594 - INFO -   ZZFeatureMap reps: 2
2026-04-01 07:34:22,594 - INFO -   Chunk size: 500
2026-04-01 07:34:22,594 - INFO -   Random seed: 42
2026-04-01 07:34:22,594 - INFO - 
======================================================================
2026-04-01 07:34:22,594 - INFO - LOADING DATA
2026-04-01 07:34:22,594 - INFO - ======================================================================
2026-04-01 07:34:22,706 - INFO - Train: (30000, 8), Labels: (30000,)
2026-04-01 07:34:22,706 - INFO - Test:  (573807, 8), Labels: (573807,)
2026-04-01 07:34:22,706 - INFO - 
======================================================================
2026-04-01 07:34:22,706 - INFO - BUILDING QUANTUM CIRCUIT
2026-04-01 07:34:22,708 - INFO - ======================================================================
2026-04-01 07:34:22,726 - INFO -   Circuit qubits: 8
2026-04-01 07:34:22,728 - INFO -   Total parameters: 32
2026-04-01 07:34:22,728 - INFO -   Variational parameters: 24
2026-04-01 07:34:22,728 - INFO -   Feature parameters: 8
2026-04-01 07:34:22,729 - INFO -   Initialized variational params with seed 42
2026-04-01 07:34:22,732 - INFO -   Observables: 16 (8 PauliZ + 8 PauliX)
2026-04-01 07:34:22,732 - INFO - 
======================================================================
2026-04-01 07:34:22,732 - INFO - PRECOMPUTING TRAINING FEATURES
2026-04-01 07:34:22,732 - INFO - ======================================================================
2026-04-01 07:34:22,732 - INFO - 
Computing train quantum features...
2026-04-01 07:34:22,732 - INFO -   Samples: 30000
2026-04-01 07:34:22,733 - INFO -   Chunk size: 500
